// Jest Snapshot v1, https://goo.gl/fbAQLP

exports[`PictureOfDay Component matches snapshot 1`] = `
<div
  className="ui segment"
>
  <h2>
    NASA Picture of Day
  </h2>
  <img
    alt="Arches Across an Arctic Sky"
    className="ui image"
    src="https://apod.nasa.gov/apod/image/2101/ArcticSky_Cobianchi_1080.jpg"
  />
  <i>
    Arches Across an Arctic Sky
  </i>
  <div
    className="ui inverted dimmer"
    onClick={[Function]}
  >
    <div
      className="content"
    >
      <div
        className="ui loader"
      />
    </div>
  </div>
</div>
`;
